01 - CreateScenario.rsc
02 - Network Calculations.rsc
03 - Accessibility.rsc
04 - PopulationSynthesis.rsc
05 - Resident Productions.rsc
06 - NonMotorized.rsc
07 - Aggregation.rsc
08 - Time of Day.rsc
10 - Skimming.rsc
11 - Parking.rsc
12 - Mode Choice.rsc
13 - Destination Choice.rsc
14 - NHB Models.rsc
16 - Create Assignment Matrices.rsc
17 - Roadway Assignment.rsc
18 - Transit Assignment.rsc
19 - Summaries.rsc
Airport.rsc
Commercial Vehicles.rsc
Airport.rsc
University.rsc
External Models.rsc
utils/NestedDC.rsc
utils/DesireLines.rsc
utils/utils.rsc
utils/mc.rsc
utils/df.rsc
utils/RoadwayProjectManagement.rsc
utils/TransitProjectManagement.rsc
utils/LinkDiffTool.rsc
utils/ScenarioComparison.rsc
utils/FixedODAssignment.rsc
utils/Calibrators.rsc
utils/merge_tool.rsc
utils/se_update.rsc
utils/PopEmpReached.rsc
utils/TRMTransitCoverage_Poverty.rsc
utils/TRMTransitCoverage_HHStrata.rsc
utils/transittool.rsc
utils/trip_aggregation_moto.rsc
utils/trip_aggregation_nm.rsc
utils/MOVES.rsc
utils/ZonalVMTCalculation.rsc
utils/concatenate.rsc
utils/TIA.rsc